// Vitest Snapshot v1, https://vitest.dev/guide/snapshot.html

exports[`Send ROCs while switch paused > receiver Peregrine::messageQueue::[Processed] 1`] = `
[
  {
    "data": {
      "id": "(hash)",
      "origin": {
        "Sibling": 1000,
      },
      "success": false,
      "weightUsed": {
        "proofSize": 0,
        "refTime": 600000000,
      },
    },
    "method": "Processed",
    "section": "messageQueue",
  },
]
`;

exports[`Send ROCs while switch paused > receiver Peregrine::polkadotXcm::[AssetsTrapped] 1`] = `
[
  {
    "data": {
      "assets": {
        "V4": [
          {
            "fun": {
              "Fungible": 1000000000000,
            },
            "id": {
              "interior": "Here",
              "parents": 1,
            },
          },
        ],
      },
      "hash_": "(hash)",
      "origin": {
        "interior": {
          "X1": [
            {
              "Parachain": 1000,
            },
          ],
        },
        "parents": 1,
      },
    },
    "method": "AssetsTrapped",
    "section": "polkadotXcm",
  },
]
`;

exports[`Switch ePILTs against PILTs while paused > receiver Peregrine::messageQueue::[Processed] 1`] = `
[
  {
    "data": {
      "id": "(hash)",
      "origin": {
        "Sibling": 1000,
      },
      "success": false,
      "weightUsed": {
        "proofSize": 0,
        "refTime": 600000000,
      },
    },
    "method": "Processed",
    "section": "messageQueue",
  },
  {
    "data": {
      "id": "(hash)",
      "origin": {
        "Sibling": 1000,
      },
      "success": true,
      "weightUsed": {
        "proofSize": 0,
        "refTime": 400000000,
      },
    },
    "method": "Processed",
    "section": "messageQueue",
  },
]
`;

exports[`Switch ePILTs against PILTs while paused > receiver Peregrine::polkadotXcm::[AssetsTrapped] 1`] = `
[
  {
    "data": {
      "assets": {
        "V4": [
          {
            "fun": {
              "Fungible": 25000000000000000,
            },
            "id": {
              "interior": {
                "X2": [
                  {
                    "GlobalConsensus": {
                      "Ethereum": {
                        "chainId": "(rounded 11000000)",
                      },
                    },
                  },
                  {
                    "AccountKey20": {
                      "key": "0x06012c8cf97bead5deae237070f9587f8e7a266d",
                      "network": null,
                    },
                  },
                ],
              },
              "parents": 2,
            },
          },
        ],
      },
      "hash_": "(hash)",
      "origin": {
        "interior": {
          "X1": [
            {
              "Parachain": 1000,
            },
          ],
        },
        "parents": 1,
      },
    },
    "method": "AssetsTrapped",
    "section": "polkadotXcm",
  },
]
`;

exports[`Switch ePILTs against PILTs while paused > sender Peregrine::assetSwitchPool1::[LocalToRemoteSwitchExecuted] 1`] = `
[
  {
    "data": {
      "amount": 50000000000000000,
      "from": "4seWojfEHrk5YKPahdErazQ3CWEHZYi6NV4gKz5AaejWbRPJ",
      "to": {
        "V4": {
          "interior": {
            "X1": [
              {
                "AccountId32": {
                  "id": "(hash)",
                  "network": null,
                },
              },
            ],
          },
          "parents": 0,
        },
      },
    },
    "method": "LocalToRemoteSwitchExecuted",
    "section": "assetSwitchPool1",
  },
]
`;
