// Vitest Snapshot v1, https://vitest.dev/guide/snapshot.html

exports[`Send DOTs from basilisk 2 Peregrine > receiver Peregrine::messageQueue::[ProcessingFailed] 1`] = `
[
  {
    "data": {
      "error": "Unsupported",
      "id": "(hash)",
      "origin": "Parent",
    },
    "method": "ProcessingFailed",
    "section": "messageQueue",
  },
]
`;

exports[`User gets dusted with ROCs > local Peregrine::balances::[Transfer] native asset 1`] = `
[
  {
    "data": {
      "amount": "(rounded 100000000000000000)",
      "from": "4seWojfEHrk5YKPahdErazQ3CWEHZYi6NV4gKz5AaejWbRPJ",
      "to": "4rsmbFBYpVmWE2LHRsSZKxf22a8cbJLxMZqvVGkGkSDmDBcr",
    },
    "method": "Transfer",
    "section": "balances",
  },
]
`;

exports[`User gets dusted with ROCs > local balances::fungibles::[DustLost] 1`] = `
[
  {
    "data": {
      "account": "4seWojfEHrk5YKPahdErazQ3CWEHZYi6NV4gKz5AaejWbRPJ",
      "amount": "(rounded 51000000000)",
    },
    "method": "DustLost",
    "section": "balances",
  },
]
`;

exports[`User transfers all of his dots > local Peregrine::fungibles::[Transferred] asset {"parents":1,"interior":"Here"} 1`] = `
[
  {
    "data": {
      "amount": 100000000000000,
      "assetId": {
        "interior": "Here",
        "parents": 1,
      },
      "from": "4seWojfEHrk5YKPahdErazQ3CWEHZYi6NV4gKz5AaejWbRPJ",
      "to": "4rsmbFBYpVmWE2LHRsSZKxf22a8cbJLxMZqvVGkGkSDmDBcr",
    },
    "method": "Transferred",
    "section": "fungibles",
  },
]
`;
