// Vitest Snapshot v1, https://vitest.dev/guide/snapshot.html

exports[`Switch PILTs against ePILTS on AssetHub > sender Peregrine::assetSwitchPool1::[LocalToRemoteSwitchExecuted] 1`] = `
[
  {
    "data": {
      "amount": 50000000000000000,
      "from": "4seWojfEHrk5YKPahdErazQ3CWEHZYi6NV4gKz5AaejWbRPJ",
      "to": {
        "V4": {
          "interior": {
            "X1": [
              {
                "AccountId32": {
                  "id": "(hash)",
                  "network": null,
                },
              },
            ],
          },
          "parents": 0,
        },
      },
    },
    "method": "LocalToRemoteSwitchExecuted",
    "section": "assetSwitchPool1",
  },
]
`;

exports[`Switch PILTs against ePILTS on AssetHub > sender Peregrine::balances::[Transfer] 1`] = `
[
  {
    "data": {
      "amount": 50000000000000000,
      "from": "4seWojfEHrk5YKPahdErazQ3CWEHZYi6NV4gKz5AaejWbRPJ",
      "to": "4nv4phaKc4EcwENdRERuMF79ZSSB5xvnAk3zNySSbVbXhSwS",
    },
    "method": "Transfer",
    "section": "balances",
  },
]
`;

exports[`Switch PILTs against ePILTS on AssetHub > sender Peregrine::xcmpQueue::[XcmpMessageSent] 1`] = `
[
  {
    "data": {
      "messageHash": "(hash)",
    },
    "method": "XcmpMessageSent",
    "section": "xcmpQueue",
  },
]
`;
