// Vitest Snapshot v1, https://vitest.dev/guide/snapshot.html

exports[`Limited Reserve V4 Transfers from AssetHub Account Alice -> Peregrine Account Bob > receiver Peregrine::fungibles::[Issued] 1`] = `
[
  {
    "data": {
      "amount": "(rounded 1000000000000)",
      "assetId": {
        "interior": "Here",
        "parents": 1,
      },
      "owner": "4rsmbFBYpVmWE2LHRsSZKxf22a8cbJLxMZqvVGkGkSDmDBcr",
    },
    "method": "Issued",
    "section": "fungibles",
  },
]
`;

exports[`Limited Reserve V4 Transfers from AssetHub Account Alice -> Peregrine Account Bob > receiver Peregrine::messageQueue::[Processed] 1`] = `
[
  {
    "data": {
      "id": "(hash)",
      "origin": {
        "Sibling": 1000,
      },
      "success": true,
      "weightUsed": {
        "proofSize": 0,
        "refTime": 1000000000,
      },
    },
    "method": "Processed",
    "section": "messageQueue",
  },
]
`;

exports[`Limited Reserve V4 Transfers from AssetHub Account Alice -> Peregrine Account Bob > sender AssetHub::balances::[Withdraw] 1`] = `
[
  {
    "data": {
      "amount": "(rounded 24000000)",
      "who": "15jSz35ugoWTc61xHPoxEkHte4o7UanKCk1gx1dizA8yuNs8",
    },
    "method": "Withdraw",
    "section": "balances",
  },
]
`;

exports[`Limited Reserve V4 Transfers from AssetHub Account Alice -> Peregrine Account Bob > sender AssetHub::polkadotXcm::[FeesPaid,Attempted,Sent] 1`] = `
[
  {
    "data": {
      "outcome": {
        "Complete": {
          "used": {
            "proofSize": "(rounded 6200)",
            "refTime": "(rounded 290000000)",
          },
        },
      },
    },
    "method": "Attempted",
    "section": "polkadotXcm",
  },
  {
    "data": {
      "fees": [
        {
          "fun": {
            "Fungible": "(rounded 310000000)",
          },
          "id": {
            "interior": "Here",
            "parents": 1,
          },
        },
      ],
      "paying": {
        "interior": {
          "X1": [
            {
              "AccountId32": {
                "id": "(hash)",
                "network": "Polkadot",
              },
            },
          ],
        },
        "parents": 0,
      },
    },
    "method": "FeesPaid",
    "section": "polkadotXcm",
  },
  {
    "data": {
      "destination": {
        "interior": {
          "X1": [
            {
              "Parachain": "(rounded 2100)",
            },
          ],
        },
        "parents": 1,
      },
      "message": [
        {
          "ReserveAssetDeposited": [
            {
              "fun": {
                "Fungible": 1000000000000,
              },
              "id": {
                "interior": "Here",
                "parents": 1,
              },
            },
          ],
        },
        "ClearOrigin",
        {
          "BuyExecution": {
            "fees": {
              "fun": {
                "Fungible": 1000000000000,
              },
              "id": {
                "interior": "Here",
                "parents": 1,
              },
            },
            "weightLimit": "Unlimited",
          },
        },
        {
          "DepositAsset": {
            "assets": {
              "Wild": {
                "AllCounted": 1,
              },
            },
            "beneficiary": {
              "interior": {
                "X1": [
                  {
                    "AccountId32": {
                      "id": "(hash)",
                      "network": null,
                    },
                  },
                ],
              },
              "parents": 0,
            },
          },
        },
      ],
      "messageId": "(hash)",
      "origin": {
        "interior": {
          "X1": [
            {
              "AccountId32": {
                "id": "(hash)",
                "network": "Polkadot",
              },
            },
          ],
        },
        "parents": 0,
      },
    },
    "method": "Sent",
    "section": "polkadotXcm",
  },
]
`;

exports[`Limited Reserve V4 Transfers from AssetHub Account Alice -> Peregrine Account Bob > sender AssetHub::xcmpQueue::[XcmMessageSent] 1`] = `
[
  {
    "data": {
      "messageHash": "(hash)",
    },
    "method": "XcmpMessageSent",
    "section": "xcmpQueue",
  },
]
`;
