// Vitest Snapshot v1, https://vitest.dev/guide/snapshot.html

exports[`Switch eKILTs while no pair set > V4 LIVE > Switch eKILTs on receiver chain: {"section":"messageQueue","method":"Processed"} 1`] = `
[
  {
    "data": {
      "id": "(hash)",
      "origin": {
        "Sibling": 1000,
      },
      "success": false,
      "weightUsed": {
        "proofSize": 0,
        "refTime": 200000000,
      },
    },
    "method": "Processed",
    "section": "messageQueue",
  },
]
`;

exports[`Switch eKILTs while no pair set > V4 LIVE > Switch eKILTs on sender chain: {"section":"polkadotXcm","method":"Sent"} 1`] = `
[
  {
    "data": {
      "destination": {
        "interior": {
          "X1": [
            {
              "Parachain": "(rounded 2100)",
            },
          ],
        },
        "parents": 1,
      },
      "message": [
        {
          "ReserveAssetDeposited": [
            {
              "fun": {
                "Fungible": 1000000000000000,
              },
              "id": {
                "interior": {
                  "X2": [
                    {
                      "GlobalConsensus": {
                        "Ethereum": {
                          "chainId": 1,
                        },
                      },
                    },
                    {
                      "AccountKey20": {
                        "key": "0x5d3d01fd6d2ad1169b17918eb4f153c6616288eb",
                        "network": null,
                      },
                    },
                  ],
                },
                "parents": 2,
              },
            },
          ],
        },
        "ClearOrigin",
        {
          "BuyExecution": {
            "fees": {
              "fun": {
                "Fungible": 1000000000000000,
              },
              "id": {
                "interior": {
                  "X2": [
                    {
                      "GlobalConsensus": {
                        "Ethereum": {
                          "chainId": 1,
                        },
                      },
                    },
                    {
                      "AccountKey20": {
                        "key": "0x5d3d01fd6d2ad1169b17918eb4f153c6616288eb",
                        "network": null,
                      },
                    },
                  ],
                },
                "parents": 2,
              },
            },
            "weightLimit": "Unlimited",
          },
        },
        {
          "DepositAsset": {
            "assets": {
              "Wild": "All",
            },
            "beneficiary": {
              "interior": {
                "X1": [
                  {
                    "AccountId32": {
                      "id": "(hash)",
                      "network": null,
                    },
                  },
                ],
              },
              "parents": 0,
            },
          },
        },
      ],
      "messageId": "(hash)",
      "origin": {
        "interior": {
          "X1": [
            {
              "AccountId32": {
                "id": "(hash)",
                "network": "Polkadot",
              },
            },
          ],
        },
        "parents": 0,
      },
    },
    "method": "Sent",
    "section": "polkadotXcm",
  },
]
`;
