// Vitest Snapshot v1, https://vitest.dev/guide/snapshot.html

exports[`Swap PILTs against ePILTS on AssetHub > Swap events assetSwap pallet 1`] = `
[
  {
    "data": {
      "amount": 50000000000000000,
      "from": "4seWojfEHrk5YKPahdErazQ3CWEHZYi6NV4gKz5AaejWbRPJ",
      "to": {
        "V3": {
          "interior": {
            "X1": {
              "AccountId32": {
                "id": "(hash)",
                "network": null,
              },
            },
          },
          "parents": 0,
        },
      },
    },
    "method": "LocalToRemoteSwapExecuted",
    "section": "assetSwap",
  },
]
`;

exports[`Swap PILTs against ePILTS on AssetHub > receiver events Balances 1`] = `[]`;

exports[`Swap PILTs against ePILTS on AssetHub > receiver events messageQueue 1`] = `[]`;

exports[`Swap PILTs against ePILTS on AssetHub > sender events Balances 1`] = `
[
  {
    "data": {
      "amount": 50000000000000000,
      "from": "4seWojfEHrk5YKPahdErazQ3CWEHZYi6NV4gKz5AaejWbRPJ",
      "to": "4nv4phaKc4EcwENdRERuMF79ZSSB5xvnAk3zNySSbVbXhSwS",
    },
    "method": "Transfer",
    "section": "balances",
  },
]
`;

exports[`Swap PILTs against ePILTS on AssetHub > sender events xcm queue pallet 1`] = `
[
  {
    "data": {
      "messageHash": "(hash)",
    },
    "method": "XcmpMessageSent",
    "section": "xcmpQueue",
  },
]
`;
