// Vitest Snapshot v1, https://vitest.dev/guide/snapshot.html

exports[`Withdraw relay token while paused > V4 LIVE > Receive relay funds {"section":"balances","method":"Burned"} 1`] = `
[
  {
    "data": {
      "amount": 10000000000,
      "who": "13cKp88mpGREFCq8KsJEFjpSBnjFuCNWq6bmD3js7fu4f66e",
    },
    "method": "Burned",
    "section": "balances",
  },
]
`;

exports[`Withdraw relay token while paused > V4 LIVE > Receive relay funds {"section":"balances","method":"Minted"} 1`] = `
[
  {
    "data": {
      "amount": "(rounded 10000000000)",
      "who": "15jSz35ugoWTc61xHPoxEkHte4o7UanKCk1gx1dizA8yuNs8",
    },
    "method": "Minted",
    "section": "balances",
  },
]
`;

exports[`Withdraw relay token while paused > V4 LIVE > Withdraw relay funds {"section":"polkadotXcm","method":"Sent"} 1`] = `
[
  {
    "data": {
      "destination": {
        "interior": {
          "X1": [
            {
              "Parachain": 1000,
            },
          ],
        },
        "parents": 1,
      },
      "message": [
        {
          "WithdrawAsset": [
            {
              "fun": {
                "Fungible": 10000000000,
              },
              "id": {
                "interior": "Here",
                "parents": 1,
              },
            },
          ],
        },
        "ClearOrigin",
        {
          "BuyExecution": {
            "fees": {
              "fun": {
                "Fungible": 10000000000,
              },
              "id": {
                "interior": "Here",
                "parents": 1,
              },
            },
            "weightLimit": "Unlimited",
          },
        },
        {
          "DepositAsset": {
            "assets": {
              "Wild": {
                "AllCounted": 1,
              },
            },
            "beneficiary": {
              "interior": {
                "X1": [
                  {
                    "AccountId32": {
                      "id": "(hash)",
                      "network": null,
                    },
                  },
                ],
              },
              "parents": 0,
            },
          },
        },
      ],
      "messageId": "(hash)",
      "origin": {
        "interior": {
          "X1": [
            {
              "AccountId32": {
                "id": "(hash)",
                "network": "Polkadot",
              },
            },
          ],
        },
        "parents": 0,
      },
    },
    "method": "Sent",
    "section": "polkadotXcm",
  },
]
`;
