// Vitest Snapshot v1, https://vitest.dev/guide/snapshot.html

exports[`Limited Reserve Transfers from Spiritnet Account Alice -> AH Account Alice > receiver assetHub::messageQueue::[Processed] asset {"V3":[{"id":{"Concrete":{"parents":0,"interior":"Here"}},"fun":{"Fungible":"1000000000000000"}}]} 1`] = `
[
  {
    "data": {
      "id": "(hash)",
      "origin": {
        "Sibling": "(rounded 2100)",
      },
      "success": false,
      "weightUsed": {
        "proofSize": "(rounded 1500)",
        "refTime": "(rounded 29000000)",
      },
    },
    "method": "Processed",
    "section": "messageQueue",
  },
]
`;

exports[`Limited Reserve Transfers from Spiritnet Account Alice -> AH Account Alice > sender spiritnet::balances::[Withdraw] asset {"V3":[{"id":{"Concrete":{"parents":0,"interior":"Here"}},"fun":{"Fungible":"1000000000000000"}}]} 1`] = `
[
  {
    "data": {
      "amount": "(rounded 170000000000)",
      "who": "4seWojfEHrk5YKPahdErazQ3CWEHZYi6NV4gKz5AaejWbRPJ",
    },
    "method": "Withdraw",
    "section": "balances",
  },
]
`;

exports[`Limited Reserve Transfers from Spiritnet Account Alice -> AH Account Alice > sender spiritnet::polkadotXcm::[Attempted] asset {"V3":[{"id":{"Concrete":{"parents":0,"interior":"Here"}},"fun":{"Fungible":"1000000000000000"}}]} 1`] = `
[
  {
    "data": {
      "outcome": {
        "Complete": {
          "proofSize": 0,
          "refTime": 400000000,
        },
      },
    },
    "method": "Attempted",
    "section": "polkadotXcm",
  },
]
`;

exports[`Limited Reserve Transfers from Spiritnet Account Alice -> AH Account Alice > sender spiritnet::xcmpQueue::[XcmpMessageSent] asset {"V3":[{"id":{"Concrete":{"parents":0,"interior":"Here"}},"fun":{"Fungible":"1000000000000000"}}]} 1`] = `
[
  {
    "data": {
      "messageHash": "(hash)",
    },
    "method": "XcmpMessageSent",
    "section": "xcmpQueue",
  },
]
`;
