// Vitest Snapshot v1, https://vitest.dev/guide/snapshot.html

exports[`Limited Reserve V3 Transfers from Spiritnet Account Alice -> HydraDx Account Alice > receiver events currencies 1`] = `
[
  {
    "data": {
      "amount": "(rounded 1000000000000000)",
      "currencyId": 28,
      "who": "7NL1GYCJu8cFSnWBLwET2X3fMdodw8T75zuxi59hA2bhdjQq",
    },
    "method": "Deposited",
    "section": "currencies",
  },
  {
    "data": {
      "amount": "(rounded 4100000000000)",
      "currencyId": 28,
      "who": "7L53bUTBopuwFt3mKUfmkzgGLayYa1Yvn1hAg9v5UMrQzTfh",
    },
    "method": "Deposited",
    "section": "currencies",
  },
]
`;

exports[`Limited Reserve V3 Transfers from Spiritnet Account Alice -> HydraDx Account Alice > receiver events xcmpQueue 1`] = `
[
  {
    "data": {
      "id": "(hash)",
      "origin": {
        "Sibling": "(rounded 2100)",
      },
      "success": true,
      "weightUsed": {
        "proofSize": 0,
        "refTime": 400000000,
      },
    },
    "method": "Processed",
    "section": "messageQueue",
  },
]
`;

exports[`Limited Reserve V3 Transfers from Spiritnet Account Alice -> HydraDx Account Alice > sender events Balances 1`] = `
[
  {
    "data": {
      "amount": "(rounded 170000000000)",
      "who": "4seWojfEHrk5YKPahdErazQ3CWEHZYi6NV4gKz5AaejWbRPJ",
    },
    "method": "Withdraw",
    "section": "balances",
  },
]
`;

exports[`Limited Reserve V3 Transfers from Spiritnet Account Alice -> HydraDx Account Alice > sender events xcm pallet 1`] = `
[
  {
    "data": {
      "outcome": {
        "Complete": {
          "proofSize": 0,
          "refTime": 400000000,
        },
      },
    },
    "method": "Attempted",
    "section": "polkadotXcm",
  },
]
`;

exports[`Limited Reserve V3 Transfers from Spiritnet Account Alice -> HydraDx Account Alice > sender events xcm queue pallet 1`] = `
[
  {
    "data": {
      "messageHash": "(hash)",
    },
    "method": "XcmpMessageSent",
    "section": "xcmpQueue",
  },
]
`;
